// Jest Snapshot v1, https://goo.gl/fbAQLP

exports[`AddressForm should omit fields that are used in to get the postal code 1`] = `
<div>
  <p
    className="input ship-street required text"
  >
    <label
      htmlFor="ship-street"
    />
    <input
      className="input-xlarge"
      disabled={false}
      id="ship-street"
      name="street"
      onBlur={[Function]}
      onChange={[Function]}
      placeholder={null}
      type="text"
      value=""
    />
  </p>
  <p
    className="input ship-number required text"
  >
    <label
      htmlFor="ship-number"
    />
    <input
      className="input-mini"
      disabled={false}
      id="ship-number"
      name="number"
      onBlur={[Function]}
      onChange={[Function]}
      placeholder={null}
      type="text"
      value=""
    />
  </p>
  <p
    className="input ship-complement text"
  >
    <label
      htmlFor="ship-complement"
    />
    <input
      className="input-large"
      disabled={false}
      id="ship-complement"
      name="complement"
      onBlur={[Function]}
      onChange={[Function]}
      placeholder={undefined}
      type="text"
      value=""
    />
  </p>
  <p
    className="input ship-neighborhood required text"
  >
    <label
      htmlFor="ship-neighborhood"
    />
    <input
      className="input-large"
      disabled={false}
      id="ship-neighborhood"
      name="neighborhood"
      onBlur={[Function]}
      onChange={[Function]}
      placeholder={null}
      type="text"
      value=""
    />
  </p>
  <p
    className="input ship-city required text"
  >
    <label
      htmlFor="ship-city"
    />
    <input
      className="input-large"
      disabled={false}
      id="ship-city"
      name="city"
      onBlur={[Function]}
      onChange={[Function]}
      placeholder={null}
      type="text"
      value=""
    />
  </p>
  <p
    className="input ship-state required text"
  >
    <label
      htmlFor="ship-state"
    />
    <select
      className="input-mini"
      disabled={false}
      id="ship-state"
      name="state"
      onBlur={[Function]}
      onChange={[Function]}
      value=""
    >
      <option
        disabled={undefined}
        value=""
      >
        UF
      </option>
      <option
        value="AC"
      >
        Acre
      </option>
      <option
        value="AL"
      >
        Alagoas
      </option>
      <option
        value="AP"
      >
        Amap√°
      </option>
      <option
        value="RJ"
      >
        Rio de Janeiro
      </option>
    </select>
  </p>
  <p
    className="input ship-receiverName required text"
  >
    <label
      htmlFor="ship-receiverName"
    />
    <input
      className="input-large"
      disabled={false}
      id="ship-receiverName"
      name="receiverName"
      onBlur={[Function]}
      onChange={[Function]}
      placeholder={null}
      type="text"
      value=""
    />
  </p>
</div>
`;
