// Jest Snapshot v1, https://goo.gl/fbAQLP

exports[`Transform Address Fields Options should get map of first and second level, and an array of third level 1`] = `
Object {
  "State01": Object {
    "City01": Array [
      "Neighborhood1",
      "Neighborhood2",
    ],
    "City02": Array [
      "Neighborhood3",
    ],
  },
  "State02": Object {
    "City03": Array [
      "Neighborhood1",
    ],
  },
}
`;

exports[`Transform Address Fields Options should get map of first level and an array of second level 1`] = `
Object {
  "State01": Array [
    "City01",
    "City02",
  ],
  "State02": Array [
    "City03",
  ],
}
`;

exports[`Transform Address Fields Options should get of the first level 1`] = `
Array [
  "State01",
  "State02",
]
`;
